#-----------------------------------------------------------
# Vivado v2023.1 (64-bit)
# SW Build 3865809 on Sun May  7 15:05:29 MDT 2023
# IP Build 3864474 on Sun May  7 20:36:21 MDT 2023
# SharedData Build 3865790 on Sun May 07 13:33:03 MDT 2023
# Start of session at: Wed Apr 17 10:47:13 2024
# Process ID: 11012
# Current directory: D:/Users/Vivado2023.1/Projects/Memristor_demo/Memristor_demo.runs/floating_point_0_synth_1
# Command line: vivado.exe -log floating_point_0.vds -product Vivado -mode batch -messageDb vivado.pb -notrace -source floating_point_0.tcl
# Log file: D:/Users/Vivado2023.1/Projects/Memristor_demo/Memristor_demo.runs/floating_point_0_synth_1/floating_point_0.vds
# Journal file: D:/Users/Vivado2023.1/Projects/Memristor_demo/Memristor_demo.runs/floating_point_0_synth_1\vivado.jou
# Running On: DESKTOP-WXSS, OS: Windows, CPU Frequency: 2112 MHz, CPU Physical cores: 4, Host memory: 17001 MB
#-----------------------------------------------------------
source floating_point_0.tcl -notrace
